#! /usr/bin/vvp
:ivl_version "12.0 (stable)";
:ivl_delay_selection "TYPICAL";
:vpi_time_precision - 12;
:vpi_module "/usr/lib/x86_64-linux-gnu/ivl/system.vpi";
:vpi_module "/usr/lib/x86_64-linux-gnu/ivl/vhdl_sys.vpi";
:vpi_module "/usr/lib/x86_64-linux-gnu/ivl/vhdl_textio.vpi";
:vpi_module "/usr/lib/x86_64-linux-gnu/ivl/v2005_math.vpi";
:vpi_module "/usr/lib/x86_64-linux-gnu/ivl/va_math.vpi";
S_0x64565028e4c0 .scope module, "signal_receiver" "signal_receiver" 2 3;
 .timescale -12 -12;
    .port_info 0 /INPUT 256 "i_signal";
    .port_info 1 /INPUT 8 "i_valid";
    .port_info 2 /INPUT 1 "i_start";
    .port_info 3 /INPUT 1 "i_clock";
    .port_info 4 /INPUT 1 "i_reset";
    .port_info 5 /INPUT 1 "i_aux_finished";
    .port_info 6 /OUTPUT 256 "o_signal";
    .port_info 7 /OUTPUT 1 "o_close_valid";
    .port_info 8 /OUTPUT 1 "o_far_valid";
    .port_info 9 /OUTPUT 1 "o_aux_start";
    .port_info 10 /OUTPUT 256 "o_aux_signal";
    .port_info 11 /OUTPUT 1 "o_aux_signal_valid";
    .port_info 12 /OUTPUT 1 "o_aux_finish";
    .port_info 13 /OUTPUT 1 "o_finished";
    .port_info 14 /OUTPUT 8 "o_request";
P_0x6456502bfe30 .param/l "BIT_WIDTH" 0 2 5, +C4<00000000000000000000000000010000>;
P_0x6456502bfe70 .param/l "CHANNEL_NUMBER" 0 2 6, +C4<00000000000000000000000000001000>;
P_0x6456502bfeb0 .param/l "END_AUX" 1 2 42, +C4<000000000000000000000000000000110>;
P_0x6456502bfef0 .param/l "END_CLOSE" 1 2 41, +C4<000000000000000000000000000000100>;
P_0x6456502bff30 .param/l "END_FAR" 1 2 40, +C4<000000000000000000000000000000010>;
P_0x6456502bff70 .param/l "LENGTH_AUX" 0 2 13, +C4<00000000000000000000000000000011>;
P_0x6456502bffb0 .param/l "LENGTH_CLOSE" 0 2 12, +C4<00000000000000000000000000000010>;
P_0x6456502bfff0 .param/l "LENGTH_FAR" 0 2 11, +C4<00000000000000000000000000000001>;
P_0x6456502c0030 .param/l "SIGNAL_LENGTH" 0 2 7, +C4<00000000000000000000000011101010>;
P_0x6456502c0070 .param/l "START_AUX" 0 2 10, +C4<00000000000000000000000000000011>;
P_0x6456502c00b0 .param/l "START_CLOSE" 0 2 9, +C4<00000000000000000000000000000010>;
P_0x6456502c00f0 .param/l "START_FAR" 0 2 8, +C4<00000000000000000000000000000001>;
P_0x6456502c0130 .param/l "e_check_end" 1 2 53, +C4<00000000000000000000000000001000>;
P_0x6456502c0170 .param/l "e_finish" 1 2 57, +C4<00000000000000000000000000001100>;
P_0x6456502c01b0 .param/l "e_finish_rx" 1 2 54, +C4<00000000000000000000000000001001>;
P_0x6456502c01f0 .param/l "e_finish_save" 1 2 50, +C4<00000000000000000000000000000101>;
P_0x6456502c0230 .param/l "e_finish_send_aux" 1 2 52, +C4<00000000000000000000000000000111>;
P_0x6456502c0270 .param/l "e_process" 1 2 48, +C4<00000000000000000000000000000011>;
P_0x6456502c02b0 .param/l "e_request" 1 2 47, +C4<00000000000000000000000000000010>;
P_0x6456502c02f0 .param/l "e_save" 1 2 49, +C4<00000000000000000000000000000100>;
P_0x6456502c0330 .param/l "e_send_aux" 1 2 51, +C4<00000000000000000000000000000110>;
P_0x6456502c0370 .param/l "e_send_data" 1 2 56, +C4<00000000000000000000000000001011>;
P_0x6456502c03b0 .param/l "e_wait" 1 2 45, +C4<00000000000000000000000000000000>;
P_0x6456502c03f0 .param/l "e_wait_aux_finished" 1 2 55, +C4<00000000000000000000000000001010>;
P_0x6456502c0430 .param/l "e_wait_signal" 1 2 46, +C4<00000000000000000000000000000001>;
v0x645650290400_0 .var "close_valid", 0 0;
v0x6456502f6010_0 .var/i "counter_rx", 31 0;
v0x6456502f60f0_0 .var/i "counter_send", 31 0;
v0x6456502f61e0_0 .var "data", 255 0;
v0x6456502f62c0_0 .var "far_valid", 0 0;
o0x7ad2f34e6108 .functor BUFZ 1, C4<z>; HiZ drive
v0x6456502f63d0_0 .net "i_aux_finished", 0 0, o0x7ad2f34e6108;  0 drivers
o0x7ad2f34e6138 .functor BUFZ 1, C4<z>; HiZ drive
v0x6456502f6490_0 .net "i_clock", 0 0, o0x7ad2f34e6138;  0 drivers
o0x7ad2f34e6168 .functor BUFZ 1, C4<z>; HiZ drive
v0x6456502f6550_0 .net "i_reset", 0 0, o0x7ad2f34e6168;  0 drivers
o0x7ad2f34e6198 .functor BUFZ 256, C4<zzzzzzzzzzzzzzzzzzzzzzzzzzzzzzzzzzzzzzzzzzzzzzzzzzzzzzzzzzzzzzzzzzzzzzzzzzzzzzzzzzzzzzzzzzzzzzzzzzzzzzzzzzzzzzzzzzzzzzzzzzzzzzzzzzzzzzzzzzzzzzzzzzzzzzzzzzzzzzzzzzzzzzzzzzzzzzzzzzzzzzzzzzzzzzzzzzzzzzzzzzzzzzzzzzzzzzzzzzzzzzzzzzzzzzzzzzzzzzzzzzzzzzzzzzzzzzzz>; HiZ drive
v0x6456502f6610_0 .net "i_signal", 255 0, o0x7ad2f34e6198;  0 drivers
o0x7ad2f34e61c8 .functor BUFZ 1, C4<z>; HiZ drive
v0x6456502f66f0_0 .net "i_start", 0 0, o0x7ad2f34e61c8;  0 drivers
o0x7ad2f34e61f8 .functor BUFZ 8, C4<zzzzzzzz>; HiZ drive
v0x6456502f67b0_0 .net "i_valid", 7 0, o0x7ad2f34e61f8;  0 drivers
v0x6456502f6890_0 .var "o_aux_finish", 0 0;
v0x6456502f6950_0 .var "o_aux_signal", 255 0;
v0x6456502f6a30_0 .var "o_aux_signal_valid", 0 0;
v0x6456502f6af0_0 .var "o_aux_start", 0 0;
v0x6456502f6bb0_0 .var "o_close_valid", 0 0;
v0x6456502f6c70_0 .var "o_far_valid", 0 0;
v0x6456502f6e40_0 .var "o_finished", 0 0;
v0x6456502f6f00_0 .var "o_request", 7 0;
v0x6456502f6fe0_0 .var "o_signal", 255 0;
v0x6456502f70c0_0 .var/i "read_address", 31 0;
v0x6456502f71a0_0 .var/i "state", 31 0;
v0x6456502f7280_0 .var/i "write_address", 31 0;
v0x6456502f7360_0 .var "write_data", 255 0;
v0x6456502f7440_0 .var "write_data_valid", 0 0;
E_0x6456502cdfd0 .event posedge, v0x6456502f6490_0;
    .scope S_0x64565028e4c0;
T_0 ;
    %wait E_0x6456502cdfd0;
    %load/vec4 v0x6456502f6550_0;
    %flag_set/vec4 8;
    %jmp/0xz  T_0.0, 8;
    %pushi/vec4 0, 0, 32;
    %assign/vec4 v0x6456502f71a0_0, 0;
    %pushi/vec4 0, 0, 1;
    %assign/vec4 v0x6456502f6bb0_0, 0;
    %pushi/vec4 0, 0, 1;
    %assign/vec4 v0x6456502f6c70_0, 0;
    %pushi/vec4 0, 0, 1;
    %assign/vec4 v0x6456502f6e40_0, 0;
    %pushi/vec4 0, 0, 1;
    %assign/vec4 v0x6456502f6af0_0, 0;
    %pushi/vec4 0, 0, 1;
    %assign/vec4 v0x6456502f6890_0, 0;
    %pushi/vec4 0, 0, 1;
    %assign/vec4 v0x6456502f6a30_0, 0;
    %pushi/vec4 0, 0, 8;
    %assign/vec4 v0x6456502f6f00_0, 0;
    %jmp T_0.1;
T_0.0 ;
    %load/vec4 v0x6456502f71a0_0;
    %dup/vec4;
    %pushi/vec4 0, 0, 32;
    %cmp/u;
    %jmp/1 T_0.2, 6;
    %dup/vec4;
    %pushi/vec4 1, 0, 32;
    %cmp/u;
    %jmp/1 T_0.3, 6;
    %dup/vec4;
    %pushi/vec4 2, 0, 32;
    %cmp/u;
    %jmp/1 T_0.4, 6;
    %dup/vec4;
    %pushi/vec4 3, 0, 32;
    %cmp/u;
    %jmp/1 T_0.5, 6;
    %dup/vec4;
    %pushi/vec4 4, 0, 32;
    %cmp/u;
    %jmp/1 T_0.6, 6;
    %dup/vec4;
    %pushi/vec4 5, 0, 32;
    %cmp/u;
    %jmp/1 T_0.7, 6;
    %dup/vec4;
    %pushi/vec4 6, 0, 32;
    %cmp/u;
    %jmp/1 T_0.8, 6;
    %dup/vec4;
    %pushi/vec4 7, 0, 32;
    %cmp/u;
    %jmp/1 T_0.9, 6;
    %dup/vec4;
    %pushi/vec4 8, 0, 32;
    %cmp/u;
    %jmp/1 T_0.10, 6;
    %dup/vec4;
    %pushi/vec4 9, 0, 32;
    %cmp/u;
    %jmp/1 T_0.11, 6;
    %dup/vec4;
    %pushi/vec4 10, 0, 32;
    %cmp/u;
    %jmp/1 T_0.12, 6;
    %dup/vec4;
    %pushi/vec4 11, 0, 32;
    %cmp/u;
    %jmp/1 T_0.13, 6;
    %dup/vec4;
    %pushi/vec4 12, 0, 32;
    %cmp/u;
    %jmp/1 T_0.14, 6;
    %jmp T_0.15;
T_0.2 ;
    %load/vec4 v0x6456502f66f0_0;
    %flag_set/vec4 8;
    %jmp/0xz  T_0.16, 8;
    %pushi/vec4 1, 0, 32;
    %assign/vec4 v0x6456502f71a0_0, 0;
T_0.16 ;
    %pushi/vec4 0, 0, 1;
    %assign/vec4 v0x6456502f6e40_0, 0;
    %pushi/vec4 0, 0, 32;
    %assign/vec4 v0x6456502f6010_0, 0;
    %pushi/vec4 0, 0, 32;
    %assign/vec4 v0x6456502f7280_0, 0;
    %pushi/vec4 0, 0, 32;
    %assign/vec4 v0x6456502f70c0_0, 0;
    %jmp T_0.15;
T_0.3 ;
    %load/vec4 v0x6456502f67b0_0;
    %or/r;
    %flag_set/vec4 8;
    %jmp/0xz  T_0.18, 8;
    %pushi/vec4 2, 0, 32;
    %assign/vec4 v0x6456502f71a0_0, 0;
T_0.18 ;
    %jmp T_0.15;
T_0.4 ;
    %pushi/vec4 255, 0, 8;
    %assign/vec4 v0x6456502f6f00_0, 0;
    %load/vec4 v0x6456502f6610_0;
    %assign/vec4 v0x6456502f61e0_0, 0;
    %pushi/vec4 3, 0, 32;
    %assign/vec4 v0x6456502f71a0_0, 0;
    %jmp T_0.15;
T_0.5 ;
    %pushi/vec4 0, 0, 8;
    %assign/vec4 v0x6456502f6f00_0, 0;
    %load/vec4 v0x6456502f6010_0;
    %cmpi/s 1, 0, 32;
    %flag_inv 5; GE is !LT
    %flag_get/vec4 5;
    %jmp/0 T_0.22, 5;
    %load/vec4 v0x6456502f6010_0;
    %pad/s 33;
    %cmpi/s 2, 0, 33;
    %flag_get/vec4 5;
    %and;
T_0.22;
    %flag_set/vec4 8;
    %jmp/0xz  T_0.20, 8;
    %pushi/vec4 4, 0, 32;
    %assign/vec4 v0x6456502f71a0_0, 0;
    %jmp T_0.21;
T_0.20 ;
    %load/vec4 v0x6456502f6010_0;
    %cmpi/s 2, 0, 32;
    %flag_inv 5; GE is !LT
    %flag_get/vec4 5;
    %jmp/0 T_0.25, 5;
    %load/vec4 v0x6456502f6010_0;
    %pad/s 33;
    %cmpi/s 4, 0, 33;
    %flag_get/vec4 5;
    %and;
T_0.25;
    %flag_set/vec4 8;
    %jmp/0xz  T_0.23, 8;
    %pushi/vec4 4, 0, 32;
    %assign/vec4 v0x6456502f71a0_0, 0;
    %jmp T_0.24;
T_0.23 ;
    %load/vec4 v0x6456502f6010_0;
    %cmpi/s 3, 0, 32;
    %flag_inv 5; GE is !LT
    %flag_get/vec4 5;
    %jmp/0 T_0.28, 5;
    %load/vec4 v0x6456502f6010_0;
    %pad/s 33;
    %cmpi/s 6, 0, 33;
    %flag_get/vec4 5;
    %and;
T_0.28;
    %flag_set/vec4 8;
    %jmp/0xz  T_0.26, 8;
    %pushi/vec4 6, 0, 32;
    %assign/vec4 v0x6456502f71a0_0, 0;
T_0.26 ;
T_0.24 ;
T_0.21 ;
    %pushi/vec4 8, 0, 32;
    %assign/vec4 v0x6456502f71a0_0, 0;
    %jmp T_0.15;
T_0.6 ;
    %load/vec4 v0x6456502f61e0_0;
    %assign/vec4 v0x6456502f7360_0, 0;
    %pushi/vec4 1, 0, 1;
    %assign/vec4 v0x6456502f7440_0, 0;
    %pushi/vec4 5, 0, 32;
    %assign/vec4 v0x6456502f71a0_0, 0;
    %jmp T_0.15;
T_0.7 ;
    %pushi/vec4 0, 0, 1;
    %assign/vec4 v0x6456502f7440_0, 0;
    %load/vec4 v0x6456502f7280_0;
    %addi 1, 0, 32;
    %assign/vec4 v0x6456502f7280_0, 0;
    %pushi/vec4 8, 0, 32;
    %assign/vec4 v0x6456502f71a0_0, 0;
    %jmp T_0.15;
T_0.8 ;
    %load/vec4 v0x6456502f61e0_0;
    %assign/vec4 v0x6456502f6950_0, 0;
    %pushi/vec4 1, 0, 1;
    %assign/vec4 v0x6456502f6a30_0, 0;
    %pushi/vec4 7, 0, 32;
    %assign/vec4 v0x6456502f71a0_0, 0;
    %jmp T_0.15;
T_0.9 ;
    %pushi/vec4 0, 0, 1;
    %assign/vec4 v0x6456502f6a30_0, 0;
    %pushi/vec4 8, 0, 32;
    %assign/vec4 v0x6456502f71a0_0, 0;
    %jmp T_0.15;
T_0.10 ;
    %load/vec4 v0x6456502f6010_0;
    %cmpi/e 233, 0, 32;
    %jmp/0xz  T_0.29, 4;
    %pushi/vec4 9, 0, 32;
    %assign/vec4 v0x6456502f71a0_0, 0;
    %jmp T_0.30;
T_0.29 ;
    %pushi/vec4 1, 0, 32;
    %assign/vec4 v0x6456502f71a0_0, 0;
T_0.30 ;
    %load/vec4 v0x6456502f6010_0;
    %addi 1, 0, 32;
    %assign/vec4 v0x6456502f6010_0, 0;
    %jmp T_0.15;
T_0.11 ;
    %pushi/vec4 1, 0, 1;
    %assign/vec4 v0x6456502f6890_0, 0;
    %pushi/vec4 10, 0, 32;
    %assign/vec4 v0x6456502f71a0_0, 0;
    %jmp T_0.15;
T_0.12 ;
    %load/vec4 v0x6456502f63d0_0;
    %flag_set/vec4 8;
    %jmp/0xz  T_0.31, 8;
    %pushi/vec4 11, 0, 32;
    %assign/vec4 v0x6456502f71a0_0, 0;
T_0.31 ;
    %pushi/vec4 0, 0, 32;
    %assign/vec4 v0x6456502f60f0_0, 0;
    %jmp T_0.15;
T_0.13 ;
    %load/vec4 v0x6456502f70c0_0;
    %addi 1, 0, 32;
    %assign/vec4 v0x6456502f70c0_0, 0;
    %load/vec4 v0x6456502f70c0_0;
    %cmpi/s 1, 0, 32;
    %jmp/0xz  T_0.33, 5;
    %pushi/vec4 1, 0, 1;
    %assign/vec4 v0x6456502f62c0_0, 0;
    %pushi/vec4 0, 0, 1;
    %assign/vec4 v0x645650290400_0, 0;
    %jmp T_0.34;
T_0.33 ;
    %load/vec4 v0x6456502f70c0_0;
    %cmpi/s 3, 0, 32;
    %jmp/0xz  T_0.35, 5;
    %pushi/vec4 1, 0, 1;
    %assign/vec4 v0x645650290400_0, 0;
    %pushi/vec4 0, 0, 1;
    %assign/vec4 v0x6456502f62c0_0, 0;
    %jmp T_0.36;
T_0.35 ;
    %pushi/vec4 0, 0, 1;
    %assign/vec4 v0x645650290400_0, 0;
    %pushi/vec4 0, 0, 1;
    %assign/vec4 v0x6456502f62c0_0, 0;
T_0.36 ;
T_0.34 ;
    %load/vec4 v0x6456502f6bb0_0;
    %load/vec4 v0x6456502f6c70_0;
    %or;
    %flag_set/vec4 8;
    %jmp/0xz  T_0.37, 8;
    %load/vec4 v0x6456502f60f0_0;
    %addi 1, 0, 32;
    %assign/vec4 v0x6456502f60f0_0, 0;
T_0.37 ;
    %load/vec4 v0x645650290400_0;
    %assign/vec4 v0x6456502f6bb0_0, 0;
    %load/vec4 v0x6456502f62c0_0;
    %assign/vec4 v0x6456502f6c70_0, 0;
    %load/vec4 v0x6456502f60f0_0;
    %cmpi/e 3, 0, 32;
    %jmp/0xz  T_0.39, 4;
    %pushi/vec4 12, 0, 32;
    %assign/vec4 v0x6456502f71a0_0, 0;
T_0.39 ;
    %jmp T_0.15;
T_0.14 ;
    %pushi/vec4 0, 0, 1;
    %assign/vec4 v0x6456502f6bb0_0, 0;
    %pushi/vec4 0, 0, 1;
    %assign/vec4 v0x6456502f6c70_0, 0;
    %pushi/vec4 1, 0, 1;
    %assign/vec4 v0x6456502f6e40_0, 0;
    %pushi/vec4 0, 0, 32;
    %assign/vec4 v0x6456502f71a0_0, 0;
    %jmp T_0.15;
T_0.15 ;
    %pop/vec4 1;
T_0.1 ;
    %jmp T_0;
    .thread T_0;
# The file index is used to find the file name in the following table.
:file_names 3;
    "N/A";
    "<interactive>";
    "ip_repo/multiplier_1.0/hdl/dsp/signal_receiver.v";
